Content-Type: text/xml; subtype=gml/3.1.1

<?xml version='1.0' encoding='UTF-8'?>
<wfs:FeatureCollection
 xmlns:tows='http://www.tinyows.org/'
 xmlns:wfs='http://www.opengis.net/wfs'
 xmlns:xsi='http://www.w3.org/2001/XMLSchema-instance'
 xmlns:gml='http://www.opengis.net/gml'
 xmlns:xsd='http://www.w3.org/2001/XMLSchema'
 xmlns:ogc='http://www.opengis.net/ogc'
 xmlns:xlink='http://www.w3.org/1999/xlink'
 xmlns:ows='http://www.opengis.net/ows'
 xsi:schemaLocation='http://www.tinyows.org/
    http://127.0.0.1/cgi-bin/tinyows?service=WFS&amp;version=1.1.0&amp;request=DescribeFeatureType&amp;Typename=tows:france   http://www.opengis.net/wfs
   http://schemas.opengis.net/wfs/1.1.0/wfs.xsd
   http://www.opengis.net/gml
   http://schemas.opengis.net/gml/3.1.1/base/gml.xsd'
>
  <gml:featureMember>
   <tows:france gml:id="france.1">
   <tows:id_geofla>49</tows:id_geofla>
   <tows:code_chf_l>053</tows:code_chf_l>
   <tows:nom_chf_l>BOURG-EN-BRESSE</tows:nom_chf_l>
   <tows:x_chf_lieu>8231</tows:x_chf_lieu>
   <tows:y_chf_lieu>21379</tows:y_chf_lieu>
   <tows:x_centroid>8244</tows:x_centroid>
   <tows:y_centroid>21380</tows:y_centroid>
   <tows:nom_dept>AIN</tows:nom_dept>
   <tows:code_reg>82</tows:code_reg>
   <tows:nom_region>RHONE-ALPES</tows:nom_region>
   <tows:code_dept>01</tows:code_dept>
   <tows:geom><gml:MultiSurface srsName="urn:ogc:def:crs:EPSG::27582"><gml:surfaceMember><gml:Polygon><gml:exterior><gml:LinearRing><gml:posList>2092615 801150 2093190 800669 2095430 800688 2095795 800780 2096112 800589 2097190 800333 2098505 799095 2098838 799136 2100360 799690 2100395 799329 2100950 797715 2101330 797655 2102850 797410 2102788 797149 2102425 796755 2102785 796738 2103487 796612 2103892 795234 2104515 794905 2104359 794547 2102570 791555 2102760 791465 2104075 791935 2105023 791835 2105295 791670 2105555 790205 2105875 790035 2107116 789304 2107148 788617 2106760 788005 2106708 787670 2106990 786705 2107029 786350 2107335 785720 2108399 785562 2109486 786670 2109775 786930 2110010 787055 2110344 787208 2111056 787367 2113550 786900 2114260 786795 2114370 786830 2114751 786811 2116197 786384 2116940 786550 2117563 786560 2117860 786465 2119206 785956 2120474 787211 2120775 787415 2121475 787600 2121809 787536 2122743 787137 2123110 786610 2124100 786457 2124890 787138 2125160 787365 2125377 787545 2125830 787880 2126745 788198 2127075 788225 2128290 789130 2128585 789370 2129209 789790 2129525 789995 2131460 790445 2131793 790237 2132230 789585 2132742 788993 2133100 788830 2133655 788650 2134028 788638 2135142 788673 2136382 789501 2137110 789510 2138174 789596 2138520 789680 2139015 789845 2139590 790050 2140547 790594 2142011 790750 2142380 790740 2142716 790739 2143599 791139 2144456 791749 2144790 791860 2147049 792199 2147420 792285 2148815 792880 2150425 793615 2150782 793737 2152285 793650 2152660 793618 2153400 793480 2155103 794012 2155696 794347 2155980 794535 2156241 794686 2157025 795135 2159030 796115 2160314 796193 2160635 796250 2161408 796311 2161795 796335 2162102 796324 2163021 796316 2163470 796385 2163785 796495 2165380 797830 2165700 797970 2167362 797959 2167695 797910 2167835 797905 2169845 798850 2170117 798930 2170395 798980 2171035 799122 2171335 799255 2171435 799340 2171593 800295 2170924 800326 2170498 800757 2170754 801505 2171611 802043 2171760 802820 2171217 804846 2171380 805165 2170485 805338 2170210 805485 2168729 808352 2168520 808655 2168719 809605 2168735 809930 2170150 811710 2169640 813076 2170568 814292 2170640 814670 2171442 815189 2171075 816978 2172530 817045 2171719 818290 2171534 819798 2171205 819990 2170948 819753 2169812 820496 2169145 820305 2168648 820810 2167568 821023 2167190 821020 2167185 821753 2166355 822453 2166075 822690 2166394 823263 2166285 823585 2165476 824250 2165330 825284 2165160 825600 2165065 828440 2163119 829372 2162490 828470 2161655 828705 2161531 828395 2161519 827745 2161005 828485 2159908 830445 2159915 831525 2158958 832747 2158780 833030 2158494 833286 2158105 833885 2157807 833687 2157040 832940 2156696 832830 2155806 833866 2155445 833825 2155097 833752 2154750 833675 2153047 835995 2152675 835930 2151171 836194 2150780 836185 2150680 836190 2150149 836405 2150070 836690 2153840 837059 2154400 837545 2151187 838628 2150820 838735 2151192 840056 2151708 840530 2151840 840855 2151081 841371 2150965 841670 2150606 841591 2148479 841093 2148155 840525 2146631 840483 2145603 841576 2145394 841898 2145800 843750 2146033 843973 2145523 844372 2145410 844675 2146002 846805 2147688 848292 2148035 848440 2148733 848651 2148841 850029 2148775 850390 2149407 851184 2150710 851650 2150922 851857 2151180 851710 2152638 852195 2153465 853883 2153815 854050 2154550 854684 2153948 854950 2153605 855010 2152546 854706 2152522 856495 2151954 857425 2151680 857675 2151135 857795 2150917 860115 2149401 860522 2147845 860356 2145955 860868 2145690 861160 2145842 861499 2146060 861800 2146529 863931 2146675 864270 2146311 867954 2146245 868320 2146162 868625 2146145 868940 2146227 870819 2147047 871569 2147009 872099 2146655 872230 2148801 873891 2149145 874080 2148900 875215 2149908 875688 2151749 875836 2152270 876350 2151866 877249 2151825 877575 2152160 877751 2156500 879950 2157904 880577 2159490 882757 2160898 884049 2163565 885600 2164270 886165 2164140 886435 2163415 889069 2162493 889778 2162099 890867 2160395 893000 2160083 894101 2159465 894575 2158743 894622 2156340 893375 2155944 892712 2155185 892540 2153375 891600 2152677 891281 2152295 891245 2150917 891340 2149984 890292 2149695 890080 2147869 890987 2147615 891235 2147405 891560 2146272 891794 2145258 891337 2144570 890413 2145445 889185 2145356 888822 2144792 887853 2145110 887180 2143618 886092 2143730 885735 2143963 885432 2143997 884760 2143495 883760 2143280 883455 2142419 882749 2142149 882058 2141782 881989 2141448 880591 2140052 880422 2139555 879890 2139435 879855 2138192 882197 2137078 882019 2136753 881408 2134940 880810 2133632 880202 2132631 880177 2132205 879600 2132001 879351 2131755 878142 2131650 877449 2131962 876853 2130970 875845 2130628 875089 2130520 874800 2129464 874322 2128114 874925 2126982 874725 2126720 872900 2126810 872100 2127080 871837 2128513 870648 2128829 869972 2128495 869296 2127050 869435 2125650 868710 2125275 868663 2123780 868525 2123569 868760 2123070 868985 2121885 868525 2121591 868617 2120685 868760 2120349 868864 2119679 869034 2118760 868545 2118458 868661 2117935 868975 2117610 868911 2116295 869020 2115554 869215 2114005 870970 2113621 870979 2112855 870925 2111817 871130 2110485 870721 2110250 870455 2110165 870800 2109573 870344 2108843 870311 2107500 870897 2106390 870710 2106018 870615 2103410 869975 2101545 869465 2101232 869314 2099875 869040 2099512 868989 2098080 868710 2097320 868050 2096964 867940 2094425 867995 2094056 867975 2092595 867825 2092277 867736 2091670 867995 2091277 867979 2090131 867788 2088645 868170 2088380 867935 2088330 867643 2088110 867110 2087753 867246 2086334 867588 2085607 866723 2084278 866013 2084187 865294 2084575 864275 2084465 864000 2084328 863659 2084450 861885 2084109 861845 2083150 862185 2082820 862398 2082092 862694 2081333 862533 2079632 860925 2078870 860842 2078155 861160 2077808 861300 2077080 861210 2076787 860973 2076386 860337 2076155 858511 2075110 858205 2074811 858072 2074591 857453 2073960 857320 2073584 857265 2073221 856650 2073460 856355 2073797 856182 2074780 855610 2075941 854744 2077758 854474 2078730 852864 2079020 852620 2079386 852647 2079920 851685 2080021 851354 2079717 850753 2079917 850470 2080840 850320 2081131 850069 2082613 850023 2082507 850741 2081230 851509 2081554 852157 2082291 852073 2083206 850451 2083940 850375 2084174 850111 2084350 849805 2084500 848375 2084810 848150 2086215 847545 2086449 847281 2087620 845980 2087856 845694 2088564 844840 2091270 842895 2091898 842098 2092105 841825 2092424 841604 2093065 841170 2093318 840895 2094355 839825 2096198 839769 2096536 840798 2096910 840745 2097185 840580 2097470 840305 2098117 839320 2098880 839165 2099191 839016 2099825 838200 2100899 836342 2101165 836100 2101453 835840 2102554 834252 2102260 833175 2102031 833017 2101525 832785 2101162 832719 2100482 832433 2099710 831189 2098550 830330 2095140 829565 2094745 829550 2094389 829422 2093577 828638 2091920 827810 2091724 827523 2091325 826955 2091135 826653 2090510 825785 2090257 825487 2089517 824587 2089735 822700 2089692 822339 2090044 821748 2090765 821660 2091109 821459 2092110 820815 2092273 820470 2093148 819281 2093260 818215 2093406 817851 2093980 816405 2093715 815735 2092629 815844 2092497 815501 2094120 814830 2094025 814502 2093925 814175 2093907 813785 2093620 811510 2093793 811202 2093796 810503 2093390 809935 2093210 808612 2093030 808305 2092976 807965 2093490 807085 2093370 806759 2093210 806450 2092960 805480 2093105 804700 2093280 804426 2093210 803230 2093269 802864 2092615 801150</gml:posList></gml:LinearRing></gml:exterior></gml:Polygon></gml:surfaceMember></gml:MultiSurface></tows:geom>
   </tows:france>
  </gml:featureMember>
</wfs:FeatureCollection>
